// Jest Snapshot v1, https://goo.gl/fbAQLP

exports[`EventBanner renders an Event Banner image 1`] = `
<div>
  <div
    class="w-100"
  >
    <div
      class="row"
    >
      <div
        class="col-12"
      >
        <div
          class="max-height-45-vh embed-responsive embed-responsive-1by1 embed-responsive-md-21by9"
        >
          <div
            class="fill d-flex justify-content-center align-items-center"
          >
            <div
              class="spinner-border text-primary"
              role="status"
            >
              <span
                class="sr-only"
              >
                Loading...
              </span>
            </div>
          </div>
          <div
            class="w-100 h-100 absolute-center opacity-65 gradient-black-bottom-top"
          />
          <div
            class="fill d-flex justify-content-center align-items-center"
            style="z-index: 1000;"
          >
            <div
              class="p-4 w-100 h-100 max-width-1100 d-flex align-items-end justify-content-start"
            >
              <div>
                <h1
                  class="text-white"
                >
                  Vision Weekend
                </h1>
                <h4
                  class="mb-0 font-weight-light text-white"
                >
                  The Movement is Now
                </h4>
              </div>
            </div>
          </div>
        </div>
      </div>
    </div>
  </div>
</div>
`;
