// Jest Snapshot v1, https://goo.gl/fbAQLP

exports[`CardFeed receives 0 results back from the server 1`] = `<div />`;

exports[`CardFeed renders a child feed from a content channel 1`] = `<div />`;

exports[`CardFeed renders a child feed from a content item 1`] = `<div />`;

exports[`CardFeed renders a sibling feed from a content item 1`] = `<div />`;

exports[`CardFeed renders the error state 1`] = `<div />`;

exports[`CardFeed renders the loading state 1`] = `
<div>
  <div
    class="container-fluid"
  >
    <div
      class="row"
    >
      <div
        class="col"
      >
        <div
          class="fill d-flex justify-content-center align-items-center"
        >
          <div
            class="spinner-border text-primary"
            role="status"
          >
            <span
              class="sr-only"
            >
              Loading...
            </span>
          </div>
        </div>
      </div>
    </div>
  </div>
</div>
`;
