// Jest Snapshot v1, https://goo.gl/fbAQLP

exports[`ContentBlock Renderer Displays carousel 1`] = `
<div
  className="container"
>
  <div
    className="row "
  >
    <div
      className="col"
    >
      <div
        className="carousel slide"
        data-ride="carousel"
      />
    </div>
  </div>
</div>
`;
