// Jest Snapshot v1, https://goo.gl/fbAQLP

exports[`EmailCaptureForm triggers mutation with a status of Completed 1`] = `
<div>
  <div
    class="container"
  >
    <div
      class="row"
    >
      <div
        class="col py-3"
      >
        <div>
          <div
            class="d-flex flex-row align-items-end border-bottom border-primary pb-2 px-1"
          >
            <div
              class="d-flex align-items-end justify-content-center"
              style="font-size: 24px; min-width: 30px;"
            >
              <svg
                aria-hidden="true"
                class="svg-inline--fa fa-user fa-w-14 fa-1x "
                color="#525252"
                data-icon="user"
                data-prefix="fal"
                focusable="false"
                role="img"
                viewBox="0 0 448 512"
                xmlns="http://www.w3.org/2000/svg"
              >
                <path
                  d="M313.6 288c-28.7 0-42.5 16-89.6 16-47.1 0-60.8-16-89.6-16C60.2 288 0 348.2 0 422.4V464c0 26.5 21.5 48 48 48h352c26.5 0 48-21.5 48-48v-41.6c0-74.2-60.2-134.4-134.4-134.4zM416 464c0 8.8-7.2 16-16 16H48c-8.8 0-16-7.2-16-16v-41.6C32 365.9 77.9 320 134.4 320c19.6 0 39.1 16 89.6 16 50.4 0 70-16 89.6-16 56.5 0 102.4 45.9 102.4 102.4V464zM224 256c70.7 0 128-57.3 128-128S294.7 0 224 0 96 57.3 96 128s57.3 128 128 128zm0-224c52.9 0 96 43.1 96 96s-43.1 96-96 96-96-43.1-96-96 43.1-96 96-96z"
                  fill="currentColor"
                />
              </svg>
            </div>
            <div
              class="w-100 form-group mb-0 pt-3 px-2 p-relative"
            >
              <label
                class="m-0 input-label-sm"
              >
                First Name
              </label>
              <input
                aria-label="First Name"
                class="w-100 py-0"
                type="text"
                value=""
              />
            </div>
          </div>
        </div>
      </div>
    </div>
    <div
      class="row"
    >
      <div
        class="col py-3"
      >
        <div>
          <div
            class="d-flex flex-row align-items-end border-bottom border-primary pb-2 px-1"
          >
            <div
              class="d-flex align-items-end justify-content-center"
              style="font-size: 24px; min-width: 30px;"
            >
              <svg
                aria-hidden="true"
                class="svg-inline--fa fa-user fa-w-14 fa-1x "
                color="#525252"
                data-icon="user"
                data-prefix="fal"
                focusable="false"
                role="img"
                viewBox="0 0 448 512"
                xmlns="http://www.w3.org/2000/svg"
              >
                <path
                  d="M313.6 288c-28.7 0-42.5 16-89.6 16-47.1 0-60.8-16-89.6-16C60.2 288 0 348.2 0 422.4V464c0 26.5 21.5 48 48 48h352c26.5 0 48-21.5 48-48v-41.6c0-74.2-60.2-134.4-134.4-134.4zM416 464c0 8.8-7.2 16-16 16H48c-8.8 0-16-7.2-16-16v-41.6C32 365.9 77.9 320 134.4 320c19.6 0 39.1 16 89.6 16 50.4 0 70-16 89.6-16 56.5 0 102.4 45.9 102.4 102.4V464zM224 256c70.7 0 128-57.3 128-128S294.7 0 224 0 96 57.3 96 128s57.3 128 128 128zm0-224c52.9 0 96 43.1 96 96s-43.1 96-96 96-96-43.1-96-96 43.1-96 96-96z"
                  fill="currentColor"
                />
              </svg>
            </div>
            <div
              class="w-100 form-group mb-0 pt-3 px-2 p-relative"
            >
              <label
                class="m-0 input-label-sm"
              >
                Last Name
              </label>
              <input
                aria-label="Last Name"
                class="w-100 py-0"
                type="text"
                value=""
              />
            </div>
          </div>
        </div>
      </div>
    </div>
    <div
      class="row"
    >
      <div
        class="col py-3"
      >
        <div>
          <div
            class="d-flex flex-row align-items-end border-bottom border-primary pb-2 px-1"
          >
            <div
              class="d-flex align-items-end justify-content-center"
              style="font-size: 24px; min-width: 30px;"
            >
              <svg
                aria-hidden="true"
                class="svg-inline--fa fa-envelope fa-w-16 fa-1x "
                color="#525252"
                data-icon="envelope"
                data-prefix="fal"
                focusable="false"
                role="img"
                viewBox="0 0 512 512"
                xmlns="http://www.w3.org/2000/svg"
              >
                <path
                  d="M464 64H48C21.5 64 0 85.5 0 112v288c0 26.5 21.5 48 48 48h416c26.5 0 48-21.5 48-48V112c0-26.5-21.5-48-48-48zM48 96h416c8.8 0 16 7.2 16 16v41.4c-21.9 18.5-53.2 44-150.6 121.3-16.9 13.4-50.2 45.7-73.4 45.3-23.2.4-56.6-31.9-73.4-45.3C85.2 197.4 53.9 171.9 32 153.4V112c0-8.8 7.2-16 16-16zm416 320H48c-8.8 0-16-7.2-16-16V195c22.8 18.7 58.8 47.6 130.7 104.7 20.5 16.4 56.7 52.5 93.3 52.3 36.4.3 72.3-35.5 93.3-52.3 71.9-57.1 107.9-86 130.7-104.7v205c0 8.8-7.2 16-16 16z"
                  fill="currentColor"
                />
              </svg>
            </div>
            <div
              class="w-100 form-group mb-0 pt-3 px-2 p-relative"
            >
              <label
                class="m-0 input-label-sm"
              >
                Email Address
              </label>
              <input
                aria-label="Email Address"
                class="w-100 py-0"
                type="text"
                value=""
              />
            </div>
          </div>
        </div>
      </div>
    </div>
    <div
      class="row"
    >
      <div
        class="col py-3"
      >
        <button
          class="btn btn-primary text-uppercase"
        >
          Send this to me
        </button>
      </div>
    </div>
  </div>
</div>
`;
